[2025-12-03T14:01:57.908+0000] {local_task_job_runner.py:120} INFO - ::group::Pre task execution logs
[2025-12-03T14:01:57.930+0000] {taskinstance.py:2076} INFO - Dependencies all met for dep_context=non-requeueable deps ti=<TaskInstance: ebay_scraper_pipeline.scraping scheduled__2025-12-02T00:00:00+00:00 [queued]>
[2025-12-03T14:01:57.936+0000] {taskinstance.py:2076} INFO - Dependencies all met for dep_context=requeueable deps ti=<TaskInstance: ebay_scraper_pipeline.scraping scheduled__2025-12-02T00:00:00+00:00 [queued]>
[2025-12-03T14:01:57.937+0000] {taskinstance.py:2306} INFO - Starting attempt 1 of 4
[2025-12-03T14:01:57.945+0000] {taskinstance.py:2330} INFO - Executing <Task(PythonOperator): scraping> on 2025-12-02 00:00:00+00:00
[2025-12-03T14:01:57.950+0000] {standard_task_runner.py:90} INFO - Running: ['***', 'tasks', 'run', 'ebay_scraper_pipeline', 'scraping', 'scheduled__2025-12-02T00:00:00+00:00', '--job-id', '4', '--raw', '--subdir', 'DAGS_FOLDER/***_dag.py', '--cfg-path', '/tmp/tmpsbht7w4a']
[2025-12-03T14:01:57.952+0000] {standard_task_runner.py:91} INFO - Job 4: Subtask scraping
[2025-12-03T14:01:57.953+0000] {logging_mixin.py:188} WARNING - /home/***/.local/lib/python3.12/site-packages/***/task/task_runner/standard_task_runner.py:61 DeprecationWarning: This process (pid=473) is multi-threaded, use of fork() may lead to deadlocks in the child.
[2025-12-03T14:01:57.953+0000] {standard_task_runner.py:63} INFO - Started process 474 to run task
[2025-12-03T14:01:57.999+0000] {task_command.py:426} INFO - Running <TaskInstance: ebay_scraper_pipeline.scraping scheduled__2025-12-02T00:00:00+00:00 [running]> on host 010eec1375da
[2025-12-03T14:01:58.066+0000] {taskinstance.py:2648} INFO - Exporting env vars: AIRFLOW_CTX_DAG_OWNER='***' AIRFLOW_CTX_DAG_ID='ebay_scraper_pipeline' AIRFLOW_CTX_TASK_ID='scraping' AIRFLOW_CTX_EXECUTION_DATE='2025-12-02T00:00:00+00:00' AIRFLOW_CTX_TRY_NUMBER='1' AIRFLOW_CTX_DAG_RUN_ID='scheduled__2025-12-02T00:00:00+00:00'
[2025-12-03T14:01:58.067+0000] {taskinstance.py:430} INFO - ::endgroup::
[2025-12-03T14:01:58.091+0000] {airflow_dag.py:28} INFO - üöÄ START SCRAPING TASK
[2025-12-03T14:01:58.092+0000] {logging_mixin.py:188} INFO - ======================================================================
[2025-12-03T14:01:58.092+0000] {logging_mixin.py:188} INFO - –ó–∞–ø—É—Å–∫ –±—Ä–∞—É–∑–µ—Ä–∞...
[2025-12-03T14:01:58.093+0000] {logging_mixin.py:188} INFO - 
‚ùå –û—à–∏–±–∫–∞ –ø—Ä–∏ –∑–∞–≥—Ä—É–∑–∫–µ: Message: Unable to obtain driver for chrome; For documentation on this error, please visit: https://www.selenium.dev/documentation/webdriver/troubleshooting/errors/driver_location
[2025-12-03T14:01:58.096+0000] {logging_mixin.py:188} WARNING - Traceback (most recent call last):
[2025-12-03T14:01:58.096+0000] {logging_mixin.py:188} WARNING -   File "/home/***/.local/lib/python3.12/site-packages/selenium/webdriver/common/driver_finder.py", line 65, in _binary_paths
    raise ValueError(f"The path is not a valid file: {path}")
[2025-12-03T14:01:58.096+0000] {logging_mixin.py:188} WARNING - ValueError: The path is not a valid file: /usr/local/bin/chromedriver
[2025-12-03T14:01:58.097+0000] {logging_mixin.py:188} WARNING - 
The above exception was the direct cause of the following exception:
[2025-12-03T14:01:58.097+0000] {logging_mixin.py:188} WARNING - Traceback (most recent call last):
[2025-12-03T14:01:58.097+0000] {logging_mixin.py:188} WARNING -   File "/opt/***/dags/src/scraper.py", line 227, in scrape_ebay
    driver = setup_driver()
             ^^^^^^^^^^^^^^
[2025-12-03T14:01:58.098+0000] {logging_mixin.py:188} WARNING -   File "/opt/***/dags/src/scraper.py", line 35, in setup_driver
    driver = webdriver.Chrome(service=service, options=chrome_options)
             ^^^^^^^^^^^^^^^^^^^^^^^^^^^^^^^^^^^^^^^^^^^^^^^^^^^^^^^^^
[2025-12-03T14:01:58.098+0000] {logging_mixin.py:188} WARNING -   File "/home/***/.local/lib/python3.12/site-packages/selenium/webdriver/chrome/webdriver.py", line 47, in __init__
    super().__init__(
[2025-12-03T14:01:58.098+0000] {logging_mixin.py:188} WARNING -   File "/home/***/.local/lib/python3.12/site-packages/selenium/webdriver/chromium/webdriver.py", line 55, in __init__
    if finder.get_browser_path():
       ^^^^^^^^^^^^^^^^^^^^^^^^^
[2025-12-03T14:01:58.098+0000] {logging_mixin.py:188} WARNING -   File "/home/***/.local/lib/python3.12/site-packages/selenium/webdriver/common/driver_finder.py", line 48, in get_browser_path
    return self._binary_paths()["browser_path"]
           ^^^^^^^^^^^^^^^^^^^^
[2025-12-03T14:01:58.098+0000] {logging_mixin.py:188} WARNING -   File "/home/***/.local/lib/python3.12/site-packages/selenium/webdriver/common/driver_finder.py", line 79, in _binary_paths
    raise NoSuchDriverException(msg) from err
[2025-12-03T14:01:58.099+0000] {logging_mixin.py:188} WARNING - selenium.common.exceptions.NoSuchDriverException: Message: Unable to obtain driver for chrome; For documentation on this error, please visit: https://www.selenium.dev/documentation/webdriver/troubleshooting/errors/driver_location
[2025-12-03T14:01:58.099+0000] {taskinstance.py:441} INFO - ::group::Post task execution logs
[2025-12-03T14:01:58.099+0000] {taskinstance.py:2905} ERROR - Task failed with exception
Traceback (most recent call last):
  File "/home/airflow/.local/lib/python3.12/site-packages/airflow/models/taskinstance.py", line 465, in _execute_task
    result = _execute_callable(context=context, **execute_callable_kwargs)
             ^^^^^^^^^^^^^^^^^^^^^^^^^^^^^^^^^^^^^^^^^^^^^^^^^^^^^^^^^^^^^
  File "/home/airflow/.local/lib/python3.12/site-packages/airflow/models/taskinstance.py", line 432, in _execute_callable
    return execute_callable(context=context, **execute_callable_kwargs)
           ^^^^^^^^^^^^^^^^^^^^^^^^^^^^^^^^^^^^^^^^^^^^^^^^^^^^^^^^^^^^
  File "/home/airflow/.local/lib/python3.12/site-packages/airflow/models/baseoperator.py", line 400, in wrapper
    return func(self, *args, **kwargs)
           ^^^^^^^^^^^^^^^^^^^^^^^^^^^
  File "/home/airflow/.local/lib/python3.12/site-packages/airflow/operators/python.py", line 235, in execute
    return_value = self.execute_callable()
                   ^^^^^^^^^^^^^^^^^^^^^^^
  File "/home/airflow/.local/lib/python3.12/site-packages/airflow/operators/python.py", line 252, in execute_callable
    return self.python_callable(*self.op_args, **self.op_kwargs)
           ^^^^^^^^^^^^^^^^^^^^^^^^^^^^^^^^^^^^^^^^^^^^^^^^^^^^^
  File "/opt/airflow/dags/airflow_dag.py", line 37, in scraping_task
    raise Exception("‚ùå SCRAPING FAILED: No pages downloaded")
Exception: ‚ùå SCRAPING FAILED: No pages downloaded
[2025-12-03T14:01:58.108+0000] {taskinstance.py:1206} INFO - Marking task as UP_FOR_RETRY. dag_id=ebay_scraper_pipeline, task_id=scraping, run_id=scheduled__2025-12-02T00:00:00+00:00, execution_date=20251202T000000, start_date=20251203T140157, end_date=20251203T140158
[2025-12-03T14:01:58.116+0000] {standard_task_runner.py:110} ERROR - Failed to execute job 4 for task scraping (‚ùå SCRAPING FAILED: No pages downloaded; 474)
[2025-12-03T14:01:58.126+0000] {local_task_job_runner.py:240} INFO - Task exited with return code 1
[2025-12-03T14:01:58.141+0000] {taskinstance.py:3498} INFO - 0 downstream tasks scheduled from follow-on schedule check
[2025-12-03T14:01:58.142+0000] {local_task_job_runner.py:222} INFO - ::endgroup::
[2025-12-03T15:15:16.347+0000] {local_task_job_runner.py:120} INFO - ::group::Pre task execution logs
[2025-12-03T15:15:16.370+0000] {taskinstance.py:2076} INFO - Dependencies all met for dep_context=non-requeueable deps ti=<TaskInstance: ebay_scraper_pipeline.scraping scheduled__2025-12-02T00:00:00+00:00 [queued]>
[2025-12-03T15:15:16.376+0000] {taskinstance.py:2076} INFO - Dependencies all met for dep_context=requeueable deps ti=<TaskInstance: ebay_scraper_pipeline.scraping scheduled__2025-12-02T00:00:00+00:00 [queued]>
[2025-12-03T15:15:16.376+0000] {taskinstance.py:2306} INFO - Starting attempt 1 of 4
[2025-12-03T15:15:16.384+0000] {taskinstance.py:2330} INFO - Executing <Task(PythonOperator): scraping> on 2025-12-02 00:00:00+00:00
[2025-12-03T15:15:16.389+0000] {standard_task_runner.py:90} INFO - Running: ['***', 'tasks', 'run', 'ebay_scraper_pipeline', 'scraping', 'scheduled__2025-12-02T00:00:00+00:00', '--job-id', '2', '--raw', '--subdir', 'DAGS_FOLDER/***_dag.py', '--cfg-path', '/tmp/tmp09632i4h']
[2025-12-03T15:15:16.392+0000] {logging_mixin.py:188} WARNING - /home/***/.local/lib/python3.12/site-packages/***/task/task_runner/standard_task_runner.py:61 DeprecationWarning: This process (pid=173) is multi-threaded, use of fork() may lead to deadlocks in the child.
[2025-12-03T15:15:16.392+0000] {standard_task_runner.py:91} INFO - Job 2: Subtask scraping
[2025-12-03T15:15:16.392+0000] {standard_task_runner.py:63} INFO - Started process 174 to run task
[2025-12-03T15:15:16.443+0000] {task_command.py:426} INFO - Running <TaskInstance: ebay_scraper_pipeline.scraping scheduled__2025-12-02T00:00:00+00:00 [running]> on host 561ed983102f
[2025-12-03T15:15:16.508+0000] {taskinstance.py:2648} INFO - Exporting env vars: AIRFLOW_CTX_DAG_OWNER='***' AIRFLOW_CTX_DAG_ID='ebay_scraper_pipeline' AIRFLOW_CTX_TASK_ID='scraping' AIRFLOW_CTX_EXECUTION_DATE='2025-12-02T00:00:00+00:00' AIRFLOW_CTX_TRY_NUMBER='1' AIRFLOW_CTX_DAG_RUN_ID='scheduled__2025-12-02T00:00:00+00:00'
[2025-12-03T15:15:16.509+0000] {taskinstance.py:430} INFO - ::endgroup::
[2025-12-03T15:15:16.528+0000] {airflow_dag.py:28} INFO - üöÄ START SCRAPING TASK
[2025-12-03T15:15:16.528+0000] {logging_mixin.py:188} INFO - ======================================================================
[2025-12-03T15:15:16.529+0000] {logging_mixin.py:188} INFO - –ó–∞–ø—É—Å–∫ –±—Ä–∞—É–∑–µ—Ä–∞...
[2025-12-03T15:15:16.772+0000] {logging_mixin.py:188} INFO - 
======================================================================
[2025-12-03T15:15:16.773+0000] {logging_mixin.py:188} INFO - üìÑ –°—Ç—Ä–∞–Ω–∏—Ü–∞ 1: https://www.ebay.com/sch/i.html?_nkw=laptop&_sacat=0&_from=R40&_pgn=1
[2025-12-03T15:15:16.773+0000] {logging_mixin.py:188} INFO - ======================================================================
[2025-12-03T15:15:24.050+0000] {logging_mixin.py:188} INFO - –ü—Ä–æ–≤–µ—Ä–∫–∞ –Ω–∞ CAPTCHA...
[2025-12-03T15:15:27.509+0000] {logging_mixin.py:188} INFO - 
======================================================================
[2025-12-03T15:15:27.509+0000] {logging_mixin.py:188} INFO - ‚ö†Ô∏è  –û–ë–ù–ê–†–£–ñ–ï–ù–ê CAPTCHA!
[2025-12-03T15:15:27.510+0000] {logging_mixin.py:188} INFO - –ü–æ–∂–∞–ª—É–π—Å—Ç–∞, —Ä–µ—à–∏—Ç–µ CAPTCHA –≤—Ä—É—á–Ω—É—é –≤ –æ—Ç–∫—Ä—ã—Ç–æ–º –±—Ä–∞—É–∑–µ—Ä–µ
[2025-12-03T15:15:27.510+0000] {logging_mixin.py:188} INFO - –ü–æ—Å–ª–µ —Ä–µ—à–µ–Ω–∏—è CAPTCHA –Ω–∞–∂–º–∏—Ç–µ Enter –≤ –∫–æ–Ω—Å–æ–ª–∏...
[2025-12-03T15:15:27.510+0000] {logging_mixin.py:188} INFO - ======================================================================
[2025-12-03T15:15:27.511+0000] {logging_mixin.py:188} INFO - –ù–∞–∂–º–∏—Ç–µ Enter –ø–æ—Å–ª–µ —Ä–µ—à–µ–Ω–∏—è CAPTCHA: 
[2025-12-03T15:15:27.511+0000] {logging_mixin.py:188} INFO - 
‚ùå –û—à–∏–±–∫–∞ –ø—Ä–∏ –∑–∞–≥—Ä—É–∑–∫–µ: EOF when reading a line
[2025-12-03T15:15:27.513+0000] {logging_mixin.py:188} WARNING - Traceback (most recent call last):
[2025-12-03T15:15:27.513+0000] {logging_mixin.py:188} WARNING -   File "/opt/***/dags/src/scraper.py", line 239, in scrape_ebay
    html = scrape_page(driver, url, page_num)
           ^^^^^^^^^^^^^^^^^^^^^^^^^^^^^^^^^^
[2025-12-03T15:15:27.514+0000] {logging_mixin.py:188} WARNING -   File "/opt/***/dags/src/scraper.py", line 73, in scrape_page
    input("–ù–∞–∂–º–∏—Ç–µ Enter –ø–æ—Å–ª–µ —Ä–µ—à–µ–Ω–∏—è CAPTCHA: ")
[2025-12-03T15:15:27.514+0000] {logging_mixin.py:188} WARNING - EOFError: EOF when reading a line
[2025-12-03T15:15:27.514+0000] {logging_mixin.py:188} INFO - 
–ó–∞–∫—Ä—ã—Ç–∏–µ –±—Ä–∞—É–∑–µ—Ä–∞...
[2025-12-03T15:15:27.593+0000] {taskinstance.py:441} INFO - ::group::Post task execution logs
[2025-12-03T15:15:27.593+0000] {taskinstance.py:2905} ERROR - Task failed with exception
Traceback (most recent call last):
  File "/home/airflow/.local/lib/python3.12/site-packages/airflow/models/taskinstance.py", line 465, in _execute_task
    result = _execute_callable(context=context, **execute_callable_kwargs)
             ^^^^^^^^^^^^^^^^^^^^^^^^^^^^^^^^^^^^^^^^^^^^^^^^^^^^^^^^^^^^^
  File "/home/airflow/.local/lib/python3.12/site-packages/airflow/models/taskinstance.py", line 432, in _execute_callable
    return execute_callable(context=context, **execute_callable_kwargs)
           ^^^^^^^^^^^^^^^^^^^^^^^^^^^^^^^^^^^^^^^^^^^^^^^^^^^^^^^^^^^^
  File "/home/airflow/.local/lib/python3.12/site-packages/airflow/models/baseoperator.py", line 400, in wrapper
    return func(self, *args, **kwargs)
           ^^^^^^^^^^^^^^^^^^^^^^^^^^^
  File "/home/airflow/.local/lib/python3.12/site-packages/airflow/operators/python.py", line 235, in execute
    return_value = self.execute_callable()
                   ^^^^^^^^^^^^^^^^^^^^^^^
  File "/home/airflow/.local/lib/python3.12/site-packages/airflow/operators/python.py", line 252, in execute_callable
    return self.python_callable(*self.op_args, **self.op_kwargs)
           ^^^^^^^^^^^^^^^^^^^^^^^^^^^^^^^^^^^^^^^^^^^^^^^^^^^^^
  File "/opt/airflow/dags/airflow_dag.py", line 37, in scraping_task
    raise Exception("‚ùå SCRAPING FAILED: No pages downloaded")
Exception: ‚ùå SCRAPING FAILED: No pages downloaded
[2025-12-03T15:15:27.602+0000] {taskinstance.py:1206} INFO - Marking task as UP_FOR_RETRY. dag_id=ebay_scraper_pipeline, task_id=scraping, run_id=scheduled__2025-12-02T00:00:00+00:00, execution_date=20251202T000000, start_date=20251203T151516, end_date=20251203T151527
[2025-12-03T15:15:27.609+0000] {standard_task_runner.py:110} ERROR - Failed to execute job 2 for task scraping (‚ùå SCRAPING FAILED: No pages downloaded; 174)
[2025-12-03T15:15:27.632+0000] {local_task_job_runner.py:240} INFO - Task exited with return code 1
[2025-12-03T15:15:27.648+0000] {taskinstance.py:3498} INFO - 0 downstream tasks scheduled from follow-on schedule check
[2025-12-03T15:15:27.650+0000] {local_task_job_runner.py:222} INFO - ::endgroup::
