[2025-12-03T14:04:58.534+0000] {local_task_job_runner.py:120} INFO - ::group::Pre task execution logs
[2025-12-03T14:04:58.557+0000] {taskinstance.py:2076} INFO - Dependencies all met for dep_context=non-requeueable deps ti=<TaskInstance: ebay_scraper_pipeline.scraping scheduled__2025-12-02T00:00:00+00:00 [queued]>
[2025-12-03T14:04:58.563+0000] {taskinstance.py:2076} INFO - Dependencies all met for dep_context=requeueable deps ti=<TaskInstance: ebay_scraper_pipeline.scraping scheduled__2025-12-02T00:00:00+00:00 [queued]>
[2025-12-03T14:04:58.563+0000] {taskinstance.py:2306} INFO - Starting attempt 2 of 4
[2025-12-03T14:04:58.572+0000] {taskinstance.py:2330} INFO - Executing <Task(PythonOperator): scraping> on 2025-12-02 00:00:00+00:00
[2025-12-03T14:04:58.577+0000] {standard_task_runner.py:90} INFO - Running: ['***', 'tasks', 'run', 'ebay_scraper_pipeline', 'scraping', 'scheduled__2025-12-02T00:00:00+00:00', '--job-id', '5', '--raw', '--subdir', 'DAGS_FOLDER/***_dag.py', '--cfg-path', '/tmp/tmp788twp7o']
[2025-12-03T14:04:58.579+0000] {standard_task_runner.py:91} INFO - Job 5: Subtask scraping
[2025-12-03T14:04:58.579+0000] {logging_mixin.py:188} WARNING - /home/***/.local/lib/python3.12/site-packages/***/task/task_runner/standard_task_runner.py:61 DeprecationWarning: This process (pid=398) is multi-threaded, use of fork() may lead to deadlocks in the child.
[2025-12-03T14:04:58.580+0000] {standard_task_runner.py:63} INFO - Started process 399 to run task
[2025-12-03T14:04:58.628+0000] {task_command.py:426} INFO - Running <TaskInstance: ebay_scraper_pipeline.scraping scheduled__2025-12-02T00:00:00+00:00 [running]> on host 018332a407a3
[2025-12-03T14:04:58.697+0000] {taskinstance.py:2648} INFO - Exporting env vars: AIRFLOW_CTX_DAG_OWNER='***' AIRFLOW_CTX_DAG_ID='ebay_scraper_pipeline' AIRFLOW_CTX_TASK_ID='scraping' AIRFLOW_CTX_EXECUTION_DATE='2025-12-02T00:00:00+00:00' AIRFLOW_CTX_TRY_NUMBER='2' AIRFLOW_CTX_DAG_RUN_ID='scheduled__2025-12-02T00:00:00+00:00'
[2025-12-03T14:04:58.698+0000] {taskinstance.py:430} INFO - ::endgroup::
[2025-12-03T14:04:58.718+0000] {airflow_dag.py:28} INFO - üöÄ START SCRAPING TASK
[2025-12-03T14:04:58.719+0000] {logging_mixin.py:188} INFO - ======================================================================
[2025-12-03T14:04:58.719+0000] {logging_mixin.py:188} INFO - –ó–∞–ø—É—Å–∫ –±—Ä–∞—É–∑–µ—Ä–∞...
[2025-12-03T14:04:58.720+0000] {logging_mixin.py:188} INFO - 
‚ùå –û—à–∏–±–∫–∞ –ø—Ä–∏ –∑–∞–≥—Ä—É–∑–∫–µ: Message: Unable to obtain driver for chrome; For documentation on this error, please visit: https://www.selenium.dev/documentation/webdriver/troubleshooting/errors/driver_location
[2025-12-03T14:04:58.723+0000] {logging_mixin.py:188} WARNING - Traceback (most recent call last):
[2025-12-03T14:04:58.723+0000] {logging_mixin.py:188} WARNING -   File "/home/***/.local/lib/python3.12/site-packages/selenium/webdriver/common/driver_finder.py", line 65, in _binary_paths
    raise ValueError(f"The path is not a valid file: {path}")
[2025-12-03T14:04:58.724+0000] {logging_mixin.py:188} WARNING - ValueError: The path is not a valid file: /usr/local/bin/chromedriver
[2025-12-03T14:04:58.724+0000] {logging_mixin.py:188} WARNING - 
The above exception was the direct cause of the following exception:
[2025-12-03T14:04:58.724+0000] {logging_mixin.py:188} WARNING - Traceback (most recent call last):
[2025-12-03T14:04:58.725+0000] {logging_mixin.py:188} WARNING -   File "/opt/***/dags/src/scraper.py", line 227, in scrape_ebay
    driver = setup_driver()
             ^^^^^^^^^^^^^^
[2025-12-03T14:04:58.725+0000] {logging_mixin.py:188} WARNING -   File "/opt/***/dags/src/scraper.py", line 35, in setup_driver
    driver = webdriver.Chrome(service=service, options=chrome_options)
             ^^^^^^^^^^^^^^^^^^^^^^^^^^^^^^^^^^^^^^^^^^^^^^^^^^^^^^^^^
[2025-12-03T14:04:58.725+0000] {logging_mixin.py:188} WARNING -   File "/home/***/.local/lib/python3.12/site-packages/selenium/webdriver/chrome/webdriver.py", line 47, in __init__
    super().__init__(
[2025-12-03T14:04:58.725+0000] {logging_mixin.py:188} WARNING -   File "/home/***/.local/lib/python3.12/site-packages/selenium/webdriver/chromium/webdriver.py", line 55, in __init__
    if finder.get_browser_path():
       ^^^^^^^^^^^^^^^^^^^^^^^^^
[2025-12-03T14:04:58.726+0000] {logging_mixin.py:188} WARNING -   File "/home/***/.local/lib/python3.12/site-packages/selenium/webdriver/common/driver_finder.py", line 48, in get_browser_path
    return self._binary_paths()["browser_path"]
           ^^^^^^^^^^^^^^^^^^^^
[2025-12-03T14:04:58.726+0000] {logging_mixin.py:188} WARNING -   File "/home/***/.local/lib/python3.12/site-packages/selenium/webdriver/common/driver_finder.py", line 79, in _binary_paths
    raise NoSuchDriverException(msg) from err
[2025-12-03T14:04:58.726+0000] {logging_mixin.py:188} WARNING - selenium.common.exceptions.NoSuchDriverException: Message: Unable to obtain driver for chrome; For documentation on this error, please visit: https://www.selenium.dev/documentation/webdriver/troubleshooting/errors/driver_location
[2025-12-03T14:04:58.726+0000] {taskinstance.py:441} INFO - ::group::Post task execution logs
[2025-12-03T14:04:58.727+0000] {taskinstance.py:2905} ERROR - Task failed with exception
Traceback (most recent call last):
  File "/home/airflow/.local/lib/python3.12/site-packages/airflow/models/taskinstance.py", line 465, in _execute_task
    result = _execute_callable(context=context, **execute_callable_kwargs)
             ^^^^^^^^^^^^^^^^^^^^^^^^^^^^^^^^^^^^^^^^^^^^^^^^^^^^^^^^^^^^^
  File "/home/airflow/.local/lib/python3.12/site-packages/airflow/models/taskinstance.py", line 432, in _execute_callable
    return execute_callable(context=context, **execute_callable_kwargs)
           ^^^^^^^^^^^^^^^^^^^^^^^^^^^^^^^^^^^^^^^^^^^^^^^^^^^^^^^^^^^^
  File "/home/airflow/.local/lib/python3.12/site-packages/airflow/models/baseoperator.py", line 400, in wrapper
    return func(self, *args, **kwargs)
           ^^^^^^^^^^^^^^^^^^^^^^^^^^^
  File "/home/airflow/.local/lib/python3.12/site-packages/airflow/operators/python.py", line 235, in execute
    return_value = self.execute_callable()
                   ^^^^^^^^^^^^^^^^^^^^^^^
  File "/home/airflow/.local/lib/python3.12/site-packages/airflow/operators/python.py", line 252, in execute_callable
    return self.python_callable(*self.op_args, **self.op_kwargs)
           ^^^^^^^^^^^^^^^^^^^^^^^^^^^^^^^^^^^^^^^^^^^^^^^^^^^^^
  File "/opt/airflow/dags/airflow_dag.py", line 37, in scraping_task
    raise Exception("‚ùå SCRAPING FAILED: No pages downloaded")
Exception: ‚ùå SCRAPING FAILED: No pages downloaded
[2025-12-03T14:04:58.735+0000] {taskinstance.py:1206} INFO - Marking task as UP_FOR_RETRY. dag_id=ebay_scraper_pipeline, task_id=scraping, run_id=scheduled__2025-12-02T00:00:00+00:00, execution_date=20251202T000000, start_date=20251203T140458, end_date=20251203T140458
[2025-12-03T14:04:58.743+0000] {standard_task_runner.py:110} ERROR - Failed to execute job 5 for task scraping (‚ùå SCRAPING FAILED: No pages downloaded; 399)
[2025-12-03T14:04:58.753+0000] {local_task_job_runner.py:240} INFO - Task exited with return code 1
[2025-12-03T14:04:58.769+0000] {taskinstance.py:3498} INFO - 0 downstream tasks scheduled from follow-on schedule check
[2025-12-03T14:04:58.770+0000] {local_task_job_runner.py:222} INFO - ::endgroup::
[2025-12-03T15:18:27.902+0000] {local_task_job_runner.py:120} INFO - ::group::Pre task execution logs
[2025-12-03T15:18:27.924+0000] {taskinstance.py:2076} INFO - Dependencies all met for dep_context=non-requeueable deps ti=<TaskInstance: ebay_scraper_pipeline.scraping scheduled__2025-12-02T00:00:00+00:00 [queued]>
[2025-12-03T15:18:27.929+0000] {taskinstance.py:2076} INFO - Dependencies all met for dep_context=requeueable deps ti=<TaskInstance: ebay_scraper_pipeline.scraping scheduled__2025-12-02T00:00:00+00:00 [queued]>
[2025-12-03T15:18:27.930+0000] {taskinstance.py:2306} INFO - Starting attempt 2 of 4
[2025-12-03T15:18:27.937+0000] {taskinstance.py:2330} INFO - Executing <Task(PythonOperator): scraping> on 2025-12-02 00:00:00+00:00
[2025-12-03T15:18:27.942+0000] {standard_task_runner.py:90} INFO - Running: ['***', 'tasks', 'run', 'ebay_scraper_pipeline', 'scraping', 'scheduled__2025-12-02T00:00:00+00:00', '--job-id', '6', '--raw', '--subdir', 'DAGS_FOLDER/***_dag.py', '--cfg-path', '/tmp/tmpn9v_q6cq']
[2025-12-03T15:18:27.944+0000] {standard_task_runner.py:91} INFO - Job 6: Subtask scraping
[2025-12-03T15:18:27.944+0000] {logging_mixin.py:188} WARNING - /home/***/.local/lib/python3.12/site-packages/***/task/task_runner/standard_task_runner.py:61 DeprecationWarning: This process (pid=535) is multi-threaded, use of fork() may lead to deadlocks in the child.
[2025-12-03T15:18:27.945+0000] {standard_task_runner.py:63} INFO - Started process 536 to run task
[2025-12-03T15:18:27.987+0000] {task_command.py:426} INFO - Running <TaskInstance: ebay_scraper_pipeline.scraping scheduled__2025-12-02T00:00:00+00:00 [running]> on host 561ed983102f
[2025-12-03T15:18:28.041+0000] {taskinstance.py:2648} INFO - Exporting env vars: AIRFLOW_CTX_DAG_OWNER='***' AIRFLOW_CTX_DAG_ID='ebay_scraper_pipeline' AIRFLOW_CTX_TASK_ID='scraping' AIRFLOW_CTX_EXECUTION_DATE='2025-12-02T00:00:00+00:00' AIRFLOW_CTX_TRY_NUMBER='2' AIRFLOW_CTX_DAG_RUN_ID='scheduled__2025-12-02T00:00:00+00:00'
[2025-12-03T15:18:28.042+0000] {taskinstance.py:430} INFO - ::endgroup::
[2025-12-03T15:18:28.051+0000] {airflow_dag.py:28} INFO - üöÄ START SCRAPING TASK
[2025-12-03T15:18:28.051+0000] {logging_mixin.py:188} INFO - ======================================================================
[2025-12-03T15:18:28.051+0000] {logging_mixin.py:188} INFO - –ó–∞–ø—É—Å–∫ –±—Ä–∞—É–∑–µ—Ä–∞...
[2025-12-03T15:18:28.360+0000] {logging_mixin.py:188} INFO - 
======================================================================
[2025-12-03T15:18:28.361+0000] {logging_mixin.py:188} INFO - üìÑ –°—Ç—Ä–∞–Ω–∏—Ü–∞ 1: https://www.ebay.com/sch/i.html?_nkw=laptop&_sacat=0&_from=R40&_pgn=1
[2025-12-03T15:18:28.361+0000] {logging_mixin.py:188} INFO - ======================================================================
[2025-12-03T15:18:35.567+0000] {logging_mixin.py:188} INFO - –ü—Ä–æ–≤–µ—Ä–∫–∞ –Ω–∞ CAPTCHA...
[2025-12-03T15:18:44.118+0000] {logging_mixin.py:188} INFO - –û–∂–∏–¥–∞–Ω–∏–µ –∑–∞–≥—Ä—É–∑–∫–∏ —Ç–æ–≤–∞—Ä–æ–≤...
[2025-12-03T15:18:44.126+0000] {logging_mixin.py:188} INFO - ‚úì –¢–æ–≤–∞—Ä—ã –∑–∞–≥—Ä—É–∂–µ–Ω—ã!
[2025-12-03T15:18:44.127+0000] {logging_mixin.py:188} INFO - –ü—Ä–æ–∫—Ä—É—Ç–∫–∞ —Å—Ç—Ä–∞–Ω–∏—Ü—ã...
[2025-12-03T15:18:48.220+0000] {logging_mixin.py:188} INFO - ‚úì HTML —Å—Ç—Ä–∞–Ω–∏—Ü—ã –ø–æ–ª—É—á–µ–Ω (1697869 —Å–∏–º–≤–æ–ª–æ–≤)
[2025-12-03T15:18:48.221+0000] {logging_mixin.py:188} INFO - üìä –ü—Ä–∏–º–µ—Ä–Ω–æ —Å–æ–±—Ä–∞–Ω–æ: ~60 —Ç–æ–≤–∞—Ä–æ–≤
[2025-12-03T15:18:48.221+0000] {logging_mixin.py:188} INFO - 
‚úÖ –î–æ—Å—Ç–∏–≥–Ω—É—Ç–æ –ø—Ä–∏–º–µ—Ä–Ω–æ–µ –∫–æ–ª–∏—á–µ—Å—Ç–≤–æ —Ç–æ–≤–∞—Ä–æ–≤
[2025-12-03T15:18:48.221+0000] {logging_mixin.py:188} INFO - 
‚úì –ó–∞–≥—Ä—É–∂–µ–Ω–æ —Å—Ç—Ä–∞–Ω–∏—Ü: 1
[2025-12-03T15:18:48.222+0000] {logging_mixin.py:188} INFO - 
–ó–∞–∫—Ä—ã—Ç–∏–µ –±—Ä–∞—É–∑–µ—Ä–∞...
[2025-12-03T15:18:48.313+0000] {airflow_dag.py:42} INFO - ‚úÖ SCRAPING DONE. Pages saved: 1
[2025-12-03T15:18:48.313+0000] {airflow_dag.py:43} INFO - üíæ RAW DATA SAVED TO: /opt/***/dags/raw_items.json
[2025-12-03T15:18:48.314+0000] {python.py:237} INFO - Done. Returned value was: None
[2025-12-03T15:18:48.314+0000] {taskinstance.py:441} INFO - ::group::Post task execution logs
[2025-12-03T15:18:48.322+0000] {taskinstance.py:1206} INFO - Marking task as SUCCESS. dag_id=ebay_scraper_pipeline, task_id=scraping, run_id=scheduled__2025-12-02T00:00:00+00:00, execution_date=20251202T000000, start_date=20251203T151827, end_date=20251203T151848
[2025-12-03T15:18:48.355+0000] {local_task_job_runner.py:240} INFO - Task exited with return code 0
[2025-12-03T15:18:48.372+0000] {taskinstance.py:3498} INFO - 1 downstream tasks scheduled from follow-on schedule check
[2025-12-03T15:18:48.373+0000] {local_task_job_runner.py:222} INFO - ::endgroup::
